../Core/Src/IDriver.cpp:16:6:virtual void Mcp4716Dac::Init()	0	static
../Core/Src/IDriver.cpp:20:10:virtual uint16_t Mcp4716Dac::Write()	16	static
../Core/Src/IDriver.cpp:26:10:virtual uint16_t Mcp4716Dac::Read()	16	static
../Core/Src/IDriver.cpp:30:10:virtual uint16_t Mcp4716Dac::SerialData()	8	static
../Core/Src/IDriver.cpp:38:10:virtual uint16_t Mcp4716Dac::DeInit()	8	static
../Core/Src/IDriver.cpp:44:6:void Mcp4716Dac::GenerateVoltage(uint16_t)	16	static
../Core/Src/IDriver.cpp:50:6:void Mcp4716Dac::toggleLed()	8	static
