Archive member included to satisfy reference by file (symbol)

c:/st/stm32cubeide_1.10.1/stm32cubeide/plugins/com.st.stm32cube.ide.mcu.externaltools.gnu-tools-for-stm32.10.3-2021.10.win32_1.0.0.202111181127/tools/bin/../lib/gcc/arm-none-eabi/10.3.1/../../../../arm-none-eabi/lib/thumb/v7e-m+dp/hard\libc_nano.a(lib_a-errno.o)
                              ./Core/Src/syscalls.o (__errno)
c:/st/stm32cubeide_1.10.1/stm32cubeide/plugins/com.st.stm32cube.ide.mcu.externaltools.gnu-tools-for-stm32.10.3-2021.10.win32_1.0.0.202111181127/tools/bin/../lib/gcc/arm-none-eabi/10.3.1/../../../../arm-none-eabi/lib/thumb/v7e-m+dp/hard\libc_nano.a(lib_a-exit.o)
                              c:/st/stm32cubeide_1.10.1/stm32cubeide/plugins/com.st.stm32cube.ide.mcu.externaltools.gnu-tools-for-stm32.10.3-2021.10.win32_1.0.0.202111181127/tools/bin/../lib/gcc/arm-none-eabi/10.3.1/../../../../arm-none-eabi/lib/thumb/v7e-m+dp/hard/crt0.o (exit)
c:/st/stm32cubeide_1.10.1/stm32cubeide/plugins/com.st.stm32cube.ide.mcu.externaltools.gnu-tools-for-stm32.10.3-2021.10.win32_1.0.0.202111181127/tools/bin/../lib/gcc/arm-none-eabi/10.3.1/../../../../arm-none-eabi/lib/thumb/v7e-m+dp/hard\libc_nano.a(lib_a-impure.o)
                              c:/st/stm32cubeide_1.10.1/stm32cubeide/plugins/com.st.stm32cube.ide.mcu.externaltools.gnu-tools-for-stm32.10.3-2021.10.win32_1.0.0.202111181127/tools/bin/../lib/gcc/arm-none-eabi/10.3.1/../../../../arm-none-eabi/lib/thumb/v7e-m+dp/hard\libc_nano.a(lib_a-exit.o) (_global_impure_ptr)
c:/st/stm32cubeide_1.10.1/stm32cubeide/plugins/com.st.stm32cube.ide.mcu.externaltools.gnu-tools-for-stm32.10.3-2021.10.win32_1.0.0.202111181127/tools/bin/../lib/gcc/arm-none-eabi/10.3.1/../../../../arm-none-eabi/lib/thumb/v7e-m+dp/hard\libc_nano.a(lib_a-init.o)
                              c:/st/stm32cubeide_1.10.1/stm32cubeide/plugins/com.st.stm32cube.ide.mcu.externaltools.gnu-tools-for-stm32.10.3-2021.10.win32_1.0.0.202111181127/tools/bin/../lib/gcc/arm-none-eabi/10.3.1/../../../../arm-none-eabi/lib/thumb/v7e-m+dp/hard/crt0.o (__libc_init_array)
c:/st/stm32cubeide_1.10.1/stm32cubeide/plugins/com.st.stm32cube.ide.mcu.externaltools.gnu-tools-for-stm32.10.3-2021.10.win32_1.0.0.202111181127/tools/bin/../lib/gcc/arm-none-eabi/10.3.1/../../../../arm-none-eabi/lib/thumb/v7e-m+dp/hard\libc_nano.a(lib_a-memset.o)
                              c:/st/stm32cubeide_1.10.1/stm32cubeide/plugins/com.st.stm32cube.ide.mcu.externaltools.gnu-tools-for-stm32.10.3-2021.10.win32_1.0.0.202111181127/tools/bin/../lib/gcc/arm-none-eabi/10.3.1/../../../../arm-none-eabi/lib/thumb/v7e-m+dp/hard/crt0.o (memset)
c:/st/stm32cubeide_1.10.1/stm32cubeide/plugins/com.st.stm32cube.ide.mcu.externaltools.gnu-tools-for-stm32.10.3-2021.10.win32_1.0.0.202111181127/tools/bin/../lib/gcc/arm-none-eabi/10.3.1/thumb/v7e-m+dp/hard\libgcc.a(_aeabi_ldivmod.o)
                              ./Drivers/STM32H7xx_HAL_Driver/stm32h7xx_hal_uart.o (__aeabi_ldivmod)
c:/st/stm32cubeide_1.10.1/stm32cubeide/plugins/com.st.stm32cube.ide.mcu.externaltools.gnu-tools-for-stm32.10.3-2021.10.win32_1.0.0.202111181127/tools/bin/../lib/gcc/arm-none-eabi/10.3.1/thumb/v7e-m+dp/hard\libgcc.a(_aeabi_uldivmod.o)
                              ./Drivers/STM32H7xx_HAL_Driver/stm32h7xx_hal_uart.o (__aeabi_uldivmod)
c:/st/stm32cubeide_1.10.1/stm32cubeide/plugins/com.st.stm32cube.ide.mcu.externaltools.gnu-tools-for-stm32.10.3-2021.10.win32_1.0.0.202111181127/tools/bin/../lib/gcc/arm-none-eabi/10.3.1/thumb/v7e-m+dp/hard\libgcc.a(_udivmoddi4.o)
                              c:/st/stm32cubeide_1.10.1/stm32cubeide/plugins/com.st.stm32cube.ide.mcu.externaltools.gnu-tools-for-stm32.10.3-2021.10.win32_1.0.0.202111181127/tools/bin/../lib/gcc/arm-none-eabi/10.3.1/thumb/v7e-m+dp/hard\libgcc.a(_aeabi_ldivmod.o) (__udivmoddi4)
c:/st/stm32cubeide_1.10.1/stm32cubeide/plugins/com.st.stm32cube.ide.mcu.externaltools.gnu-tools-for-stm32.10.3-2021.10.win32_1.0.0.202111181127/tools/bin/../lib/gcc/arm-none-eabi/10.3.1/thumb/v7e-m+dp/hard\libgcc.a(_dvmd_tls.o)
                              c:/st/stm32cubeide_1.10.1/stm32cubeide/plugins/com.st.stm32cube.ide.mcu.externaltools.gnu-tools-for-stm32.10.3-2021.10.win32_1.0.0.202111181127/tools/bin/../lib/gcc/arm-none-eabi/10.3.1/thumb/v7e-m+dp/hard\libgcc.a(_aeabi_ldivmod.o) (__aeabi_ldiv0)

Discarded input sections

 .text          0x0000000000000000        0x0 c:/st/stm32cubeide_1.10.1/stm32cubeide/plugins/com.st.stm32cube.ide.mcu.externaltools.gnu-tools-for-stm32.10.3-2021.10.win32_1.0.0.202111181127/tools/bin/../lib/gcc/arm-none-eabi/10.3.1/thumb/v7e-m+dp/hard/crti.o
 .data          0x0000000000000000        0x0 c:/st/stm32cubeide_1.10.1/stm32cubeide/plugins/com.st.stm32cube.ide.mcu.externaltools.gnu-tools-for-stm32.10.3-2021.10.win32_1.0.0.202111181127/tools/bin/../lib/gcc/arm-none-eabi/10.3.1/thumb/v7e-m+dp/hard/crti.o
[...]
Memory Configuration

Name             Origin             Length             Attributes
RAM_D1           0x0000000024000000 0x0000000000080000 xrw
FLASH            0x0000000008000000 0x0000000000100000 xr
DTCMRAM          0x0000000020000000 0x0000000000020000 xrw
RAM_D2           0x0000000030000000 0x0000000000048000 xrw
RAM_D3           0x0000000038000000 0x0000000000010000 xrw
ITCMRAM          0x0000000000000000 0x0000000000010000 xrw
*default*        0x0000000000000000 0xffffffffffffffff

Linker script and memory map

LOAD c:/st/stm32cubeide_1.10.1/stm32cubeide/plugins/com.st.stm32cube.ide.mcu.externaltools.gnu-tools-for-stm32.10.3-2021.10.win32_1.0.0.202111181127/tools/bin/../lib/gcc/arm-none-eabi/10.3.1/thumb/v7e-m+dp/hard/crti.o
LOAD c:/st/stm32cubeide_1.10.1/stm32cubeide/plugins/com.st.stm32cube.ide.mcu.externaltools.gnu-tools-for-stm32.10.3-2021.10.win32_1.0.0.202111181127/tools/bin/../lib/gcc/arm-none-eabi/10.3.1/thumb/v7e-m+dp/hard/crtbegin.o
LOAD c:/st/stm32cubeide_1.10.1/stm32cubeide/plugins/com.st.stm32cube.ide.mcu.externaltools.gnu-tools-for-stm32.10.3-2021.10.win32_1.0.0.202111181127/tools/bin/../lib/gcc/arm-none-eabi/10.3.1/../../../../arm-none-eabi/lib/thumb/v7e-m+dp/hard/crt0.o
LOAD ./Common/Src/system_stm32h7xx_dualcore_boot_cm4_cm7.o
LOAD ./Core/Src/IDriver.o
LOAD ./Core/Src/main.o
LOAD ./Core/Src/stm32h7xx_hal_msp.o
LOAD ./Core/Src/stm32h7xx_it.o
LOAD ./Core/Src/syscalls.o
LOAD ./Core/Src/sysmem.o
LOAD ./Core/Startup/startup_stm32h745zitx.o
LOAD ./Drivers/STM32H7xx_HAL_Driver/stm32h7xx_hal.o
LOAD ./Drivers/STM32H7xx_HAL_Driver/stm32h7xx_hal_cortex.o
LOAD ./Drivers/STM32H7xx_HAL_Driver/stm32h7xx_hal_dma.o
LOAD ./Drivers/STM32H7xx_HAL_Driver/stm32h7xx_hal_dma_ex.o
LOAD ./Drivers/STM32H7xx_HAL_Driver/stm32h7xx_hal_exti.o
LOAD ./Drivers/STM32H7xx_HAL_Driver/stm32h7xx_hal_flash.o
LOAD ./Drivers/STM32H7xx_HAL_Driver/stm32h7xx_hal_flash_ex.o
LOAD ./Drivers/STM32H7xx_HAL_Driver/stm32h7xx_hal_gpio.o
LOAD ./Drivers/STM32H7xx_HAL_Driver/stm32h7xx_hal_hsem.o
LOAD ./Drivers/STM32H7xx_HAL_Driver/stm32h7xx_hal_i2c.o
LOAD ./Drivers/STM32H7xx_HAL_Driver/stm32h7xx_hal_i2c_ex.o
LOAD ./Drivers/STM32H7xx_HAL_Driver/stm32h7xx_hal_mdma.o
LOAD ./Drivers/STM32H7xx_HAL_Driver/stm32h7xx_hal_pwr.o
LOAD ./Drivers/STM32H7xx_HAL_Driver/stm32h7xx_hal_pwr_ex.o
LOAD ./Drivers/STM32H7xx_HAL_Driver/stm32h7xx_hal_rcc.o
LOAD ./Drivers/STM32H7xx_HAL_Driver/stm32h7xx_hal_rcc_ex.o
LOAD ./Drivers/STM32H7xx_HAL_Driver/stm32h7xx_hal_tim.o
LOAD ./Drivers/STM32H7xx_HAL_Driver/stm32h7xx_hal_tim_ex.o
LOAD ./Drivers/STM32H7xx_HAL_Driver/stm32h7xx_hal_uart.o
LOAD ./Drivers/STM32H7xx_HAL_Driver/stm32h7xx_hal_uart_ex.o
START GROUP
LOAD c:/st/stm32cubeide_1.10.1/stm32cubeide/plugins/com.st.stm32cube.ide.mcu.externaltools.gnu-tools-for-stm32.10.3-2021.10.win32_1.0.0.202111181127/tools/bin/../lib/gcc/arm-none-eabi/10.3.1/../../../../arm-none-eabi/lib/thumb/v7e-m+dp/hard\libstdc++_nano.a
LOAD c:/st/stm32cubeide_1.10.1/stm32cubeide/plugins/com.st.stm32cube.ide.mcu.externaltools.gnu-tools-for-stm32.10.3-2021.10.win32_1.0.0.202111181127/tools/bin/../lib/gcc/arm-none-eabi/10.3.1/../../../../arm-none-eabi/lib/thumb/v7e-m+dp/hard\libsupc++_nano.a
END GROUP
LOAD c:/st/stm32cubeide_1.10.1/stm32cubeide/plugins/com.st.stm32cube.ide.mcu.externaltools.gnu-tools-for-stm32.10.3-2021.10.win32_1.0.0.202111181127/tools/bin/../lib/gcc/arm-none-eabi/10.3.1/../../../../arm-none-eabi/lib/thumb/v7e-m+dp/hard\libstdc++_nano.a
LOAD c:/st/stm32cubeide_1.10.1/stm32cubeide/plugins/com.st.stm32cube.ide.mcu.externaltools.gnu-tools-for-stm32.10.3-2021.10.win32_1.0.0.202111181127/tools/bin/../lib/gcc/arm-none-eabi/10.3.1/../../../../arm-none-eabi/lib/thumb/v7e-m+dp/hard\libm.a
LOAD c:/st/stm32cubeide_1.10.1/stm32cubeide/plugins/com.st.stm32cube.ide.mcu.externaltools.gnu-tools-for-stm32.10.3-2021.10.win32_1.0.0.202111181127/tools/bin/../lib/gcc/arm-none-eabi/10.3.1/../../../../arm-none-eabi/lib/thumb/v7e-m+dp/hard\libc_nano.a
START GROUP
LOAD c:/st/stm32cubeide_1.10.1/stm32cubeide/plugins/com.st.stm32cube.ide.mcu.externaltools.gnu-tools-for-stm32.10.3-2021.10.win32_1.0.0.202111181127/tools/bin/../lib/gcc/arm-none-eabi/10.3.1/thumb/v7e-m+dp/hard\libgcc.a
LOAD c:/st/stm32cubeide_1.10.1/stm32cubeide/plugins/com.st.stm32cube.ide.mcu.externaltools.gnu-tools-for-stm32.10.3-2021.10.win32_1.0.0.202111181127/tools/bin/../lib/gcc/arm-none-eabi/10.3.1/../../../../arm-none-eabi/lib/thumb/v7e-m+dp/hard\libc_nano.a
END GROUP
START GROUP
LOAD c:/st/stm32cubeide_1.10.1/stm32cubeide/plugins/com.st.stm32cube.ide.mcu.externaltools.gnu-tools-for-stm32.10.3-2021.10.win32_1.0.0.202111181127/tools/bin/../lib/gcc/arm-none-eabi/10.3.1/thumb/v7e-m+dp/hard\libgcc.a
LOAD c:/st/stm32cubeide_1.10.1/stm32cubeide/plugins/com.st.stm32cube.ide.mcu.externaltools.gnu-tools-for-stm32.10.3-2021.10.win32_1.0.0.202111181127/tools/bin/../lib/gcc/arm-none-eabi/10.3.1/../../../../arm-none-eabi/lib/thumb/v7e-m+dp/hard\libc_nano.a
LOAD c:/st/stm32cubeide_1.10.1/stm32cubeide/plugins/com.st.stm32cube.ide.mcu.externaltools.gnu-tools-for-stm32.10.3-2021.10.win32_1.0.0.202111181127/tools/bin/../lib/gcc/arm-none-eabi/10.3.1/../../../../arm-none-eabi/lib/thumb/v7e-m+dp/hard\libnosys.a
END GROUP
START GROUP
LOAD c:/st/stm32cubeide_1.10.1/stm32cubeide/plugins/com.st.stm32cube.ide.mcu.externaltools.gnu-tools-for-stm32.10.3-2021.10.win32_1.0.0.202111181127/tools/bin/../lib/gcc/arm-none-eabi/10.3.1/thumb/v7e-m+dp/hard\libgcc.a
LOAD c:/st/stm32cubeide_1.10.1/stm32cubeide/plugins/com.st.stm32cube.ide.mcu.externaltools.gnu-tools-for-stm32.10.3-2021.10.win32_1.0.0.202111181127/tools/bin/../lib/gcc/arm-none-eabi/10.3.1/../../../../arm-none-eabi/lib/thumb/v7e-m+dp/hard\libc_nano.a
LOAD c:/st/stm32cubeide_1.10.1/stm32cubeide/plugins/com.st.stm32cube.ide.mcu.externaltools.gnu-tools-for-stm32.10.3-2021.10.win32_1.0.0.202111181127/tools/bin/../lib/gcc/arm-none-eabi/10.3.1/../../../../arm-none-eabi/lib/thumb/v7e-m+dp/hard\libnosys.a
END GROUP
LOAD c:/st/stm32cubeide_1.10.1/stm32cubeide/plugins/com.st.stm32cube.ide.mcu.externaltools.gnu-tools-for-stm32.10.3-2021.10.win32_1.0.0.202111181127/tools/bin/../lib/gcc/arm-none-eabi/10.3.1/thumb/v7e-m+dp/hard/crtend.o
LOAD c:/st/stm32cubeide_1.10.1/stm32cubeide/plugins/com.st.stm32cube.ide.mcu.externaltools.gnu-tools-for-stm32.10.3-2021.10.win32_1.0.0.202111181127/tools/bin/../lib/gcc/arm-none-eabi/10.3.1/thumb/v7e-m+dp/hard/crtn.o
                0x0000000024080000                _estack = (ORIGIN (RAM_D1) + LENGTH (RAM_D1))
                0x0000000000000200                _Min_Heap_Size = 0x200
                0x0000000000000400                _Min_Stack_Size = 0x400

.isr_vector     0x0000000008000000      0x298
                0x0000000008000000                . = ALIGN (0x4)
 *(.isr_vector)
 .isr_vector    0x0000000008000000      0x298 ./Core/Startup/startup_stm32h745zitx.o
                0x0000000008000000                g_pfnVectors
                0x0000000008000298                . = ALIGN (0x4)

.text           0x0000000008000298     0x34e0
                0x0000000008000298                . = ALIGN (0x4)
 *(.text)
 .text          0x0000000008000298       0x40 c:/st/stm32cubeide_1.10.1/stm32cubeide/plugins/com.st.stm32cube.ide.mcu.externaltools.gnu-tools-for-stm32.10.3-2021.10.win32_1.0.0.202111181127/tools/bin/../lib/gcc/arm-none-eabi/10.3.1/thumb/v7e-m+dp/hard/crtbegin.o
 .text          0x00000000080002d8       0x30 c:/st/stm32cubeide_1.10.1/stm32cubeide/plugins/com.st.stm32cube.ide.mcu.externaltools.gnu-tools-for-stm32.10.3-2021.10.win32_1.0.0.202111181127/tools/bin/../lib/gcc/arm-none-eabi/10.3.1/thumb/v7e-m+dp/hard\libgcc.a(_aeabi_uldivmod.o)
                0x00000000080002d8                __aeabi_uldivmod
 .text          0x0000000008000308      0x2d0 c:/st/stm32cubeide_1.10.1/stm32cubeide/plugins/com.st.stm32cube.ide.mcu.externaltools.gnu-tools-for-stm32.10.3-2021.10.win32_1.0.0.202111181127/tools/bin/../lib/gcc/arm-none-eabi/10.3.1/thumb/v7e-m+dp/hard\libgcc.a(_udivmoddi4.o)
                0x0000000008000308                __udivmoddi4
 .text          0x00000000080005d8        0x4 c:/st/stm32cubeide_1.10.1/stm32cubeide/plugins/com.st.stm32cube.ide.mcu.externaltools.gnu-tools-for-stm32.10.3-2021.10.win32_1.0.0.202111181127/tools/bin/../lib/gcc/arm-none-eabi/10.3.1/thumb/v7e-m+dp/hard\libgcc.a(_dvmd_tls.o)
                0x00000000080005d8                __aeabi_idiv0
                0x00000000080005d8                __aeabi_ldiv0
 *(.text*)
 .text.SystemInit
                0x00000000080005dc       0xd8 ./Common/Src/system_stm32h7xx_dualcore_boot_cm4_cm7.o
                0x00000000080005dc                SystemInit
 .text._ZN10Mcp4716Dac4InitEv
                0x00000000080006b4        0xc ./Core/Src/IDriver.o
                0x00000000080006b4                Mcp4716Dac::Init()
 .text._ZN10Mcp4716Dac5WriteEv
                0x00000000080006c0       0x20 ./Core/Src/IDriver.o
                0x00000000080006c0                Mcp4716Dac::Write()
 .text._ZN10Mcp4716Dac4ReadEv
                0x00000000080006e0       0x20 ./Core/Src/IDriver.o
                0x00000000080006e0                Mcp4716Dac::Read()
 .text._ZN10Mcp4716Dac10SerialDataEv
                0x0000000008000700       0x18 ./Core/Src/IDriver.o
                0x0000000008000700                Mcp4716Dac::SerialData()
 .text._ZN10Mcp4716Dac6DeInitEv
                0x0000000008000718       0x10 ./Core/Src/IDriver.o
                0x0000000008000718                Mcp4716Dac::DeInit()
 .text._ZN10Mcp4716Dac15GenerateVoltageEt
                0x0000000008000728       0x3c ./Core/Src/IDriver.o
                0x0000000008000728                Mcp4716Dac::GenerateVoltage(unsigned short)
 .text._ZN10Mcp4716Dac9toggleLedEv
                0x0000000008000764       0x30 ./Core/Src/IDriver.o
                0x0000000008000764                Mcp4716Dac::toggleLed()
 .text._Z18SystemClock_Configv
                0x0000000008000794       0xbc ./Core/Src/main.o
                0x0000000008000794                SystemClock_Config()
 .text.startup.main
                0x0000000008000850      0x1c8 ./Core/Src/main.o
                0x0000000008000850                main
 .text.Error_Handler
                0x0000000008000a18        0x4 ./Core/Src/main.o
                0x0000000008000a18                Error_Handler
 .text.HAL_MspInit
                0x0000000008000a1c       0x24 ./Core/Src/stm32h7xx_hal_msp.o
                0x0000000008000a1c                HAL_MspInit
 .text.HAL_I2C_MspInit
                0x0000000008000a40       0x90 ./Core/Src/stm32h7xx_hal_msp.o
                0x0000000008000a40                HAL_I2C_MspInit
 .text.HAL_I2C_MspDeInit
                0x0000000008000ad0       0x40 ./Core/Src/stm32h7xx_hal_msp.o
                0x0000000008000ad0                HAL_I2C_MspDeInit
 .text.HAL_UART_MspInit
                0x0000000008000b10       0x90 ./Core/Src/stm32h7xx_hal_msp.o
                0x0000000008000b10                HAL_UART_MspInit
 .text.NMI_Handler
                0x0000000008000ba0        0x2 ./Core/Src/stm32h7xx_it.o
                0x0000000008000ba0                NMI_Handler
 .text.HardFault_Handler
                0x0000000008000ba2        0x2 ./Core/Src/stm32h7xx_it.o
                0x0000000008000ba2                HardFault_Handler
 .text.MemManage_Handler
                0x0000000008000ba4        0x2 ./Core/Src/stm32h7xx_it.o
                0x0000000008000ba4                MemManage_Handler
 .text.BusFault_Handler
                0x0000000008000ba6        0x2 ./Core/Src/stm32h7xx_it.o
                0x0000000008000ba6                BusFault_Handler
 .text.UsageFault_Handler
                0x0000000008000ba8        0x2 ./Core/Src/stm32h7xx_it.o
                0x0000000008000ba8                UsageFault_Handler
 .text.SVC_Handler
                0x0000000008000baa        0x2 ./Core/Src/stm32h7xx_it.o
                0x0000000008000baa                SVC_Handler
 .text.DebugMon_Handler
                0x0000000008000bac        0x2 ./Core/Src/stm32h7xx_it.o
                0x0000000008000bac                DebugMon_Handler
 .text.PendSV_Handler
                0x0000000008000bae        0x2 ./Core/Src/stm32h7xx_it.o
                0x0000000008000bae                PendSV_Handler
 .text.SysTick_Handler
                0x0000000008000bb0        0x4 ./Core/Src/stm32h7xx_it.o
                0x0000000008000bb0                SysTick_Handler
 .text.Reset_Handler
                0x0000000008000bb4       0x50 ./Core/Startup/startup_stm32h745zitx.o
                0x0000000008000bb4                Reset_Handler
 .text.Default_Handler
                0x0000000008000c04        0x2 ./Core/Startup/startup_stm32h745zitx.o
                0x0000000008000c04                RTC_Alarm_IRQHandler
                0x0000000008000c04                EXTI2_IRQHandler
                0x0000000008000c04                TIM8_CC_IRQHandler
                0x0000000008000c04                HRTIM1_Master_IRQHandler
                0x0000000008000c04                UART8_IRQHandler
                0x0000000008000c04                SPI4_IRQHandler
                0x0000000008000c04                TIM1_CC_IRQHandler
                0x0000000008000c04                BDMA_Channel6_IRQHandler
                0x0000000008000c04                DMA2_Stream5_IRQHandler
                0x0000000008000c04                HRTIM1_FLT_IRQHandler
                0x0000000008000c04                JPEG_IRQHandler
                0x0000000008000c04                DMA1_Stream5_IRQHandler
                0x0000000008000c04                BDMA_Channel1_IRQHandler
                0x0000000008000c04                HRTIM1_TIMD_IRQHandler
                0x0000000008000c04                TAMP_STAMP_IRQHandler
                0x0000000008000c04                EXTI3_IRQHandler
                0x0000000008000c04                LPTIM4_IRQHandler
                0x0000000008000c04                TIM8_TRG_COM_TIM14_IRQHandler
                0x0000000008000c04                LPTIM2_IRQHandler
                0x0000000008000c04                DFSDM1_FLT1_IRQHandler
                0x0000000008000c04                DMAMUX2_OVR_IRQHandler
                0x0000000008000c04                TIM8_UP_TIM13_IRQHandler
                0x0000000008000c04                I2C3_ER_IRQHandler
                0x0000000008000c04                DFSDM1_FLT2_IRQHandler
                0x0000000008000c04                MDMA_IRQHandler
                0x0000000008000c04                LPTIM3_IRQHandler
                0x0000000008000c04                HSEM1_IRQHandler
                0x0000000008000c04                EXTI0_IRQHandler
                0x0000000008000c04                I2C2_EV_IRQHandler
                0x0000000008000c04                DMA1_Stream2_IRQHandler
                0x0000000008000c04                FPU_IRQHandler
                0x0000000008000c04                OTG_HS_WKUP_IRQHandler
                0x0000000008000c04                FDCAN1_IT1_IRQHandler
                0x0000000008000c04                LTDC_ER_IRQHandler
                0x0000000008000c04                DMA2_Stream2_IRQHandler
                0x0000000008000c04                HRTIM1_TIME_IRQHandler
                0x0000000008000c04                SPI1_IRQHandler
                0x0000000008000c04                TIM6_DAC_IRQHandler
                0x0000000008000c04                DCMI_IRQHandler
                0x0000000008000c04                HRTIM1_TIMC_IRQHandler
                0x0000000008000c04                DMA2_Stream3_IRQHandler
                0x0000000008000c04                SAI2_IRQHandler
                0x0000000008000c04                DFSDM1_FLT3_IRQHandler
                0x0000000008000c04                USART6_IRQHandler
                0x0000000008000c04                TIM17_IRQHandler
                0x0000000008000c04                USART3_IRQHandler
                0x0000000008000c04                BDMA_Channel7_IRQHandler
                0x0000000008000c04                LPTIM5_IRQHandler
                0x0000000008000c04                UART5_IRQHandler
                0x0000000008000c04                ADC3_IRQHandler
                0x0000000008000c04                DMA2_Stream0_IRQHandler
                0x0000000008000c04                TIM4_IRQHandler
                0x0000000008000c04                BDMA_Channel2_IRQHandler
                0x0000000008000c04                QUADSPI_IRQHandler
                0x0000000008000c04                I2C1_EV_IRQHandler
                0x0000000008000c04                DMA1_Stream6_IRQHandler
                0x0000000008000c04                DMAMUX1_OVR_IRQHandler
                0x0000000008000c04                DMA1_Stream1_IRQHandler
                0x0000000008000c04                TIM16_IRQHandler
                0x0000000008000c04                UART4_IRQHandler
                0x0000000008000c04                BDMA_Channel5_IRQHandler
                0x0000000008000c04                TIM3_IRQHandler
                0x0000000008000c04                RCC_IRQHandler
                0x0000000008000c04                TIM8_BRK_TIM12_IRQHandler
                0x0000000008000c04                TIM1_TRG_COM_IRQHandler
                0x0000000008000c04                Default_Handler
                0x0000000008000c04                ECC_IRQHandler
                0x0000000008000c04                CEC_IRQHandler
                0x0000000008000c04                EXTI15_10_IRQHandler
                0x0000000008000c04                BDMA_Channel0_IRQHandler
                0x0000000008000c04                ADC_IRQHandler
                0x0000000008000c04                DMA1_Stream7_IRQHandler
                0x0000000008000c04                HRTIM1_TIMA_IRQHandler
                0x0000000008000c04                SPI5_IRQHandler
                0x0000000008000c04                TIM7_IRQHandler
                0x0000000008000c04                SDMMC1_IRQHandler
                0x0000000008000c04                TIM5_IRQHandler
                0x0000000008000c04                DMA2_Stream7_IRQHandler
                0x0000000008000c04                TIM15_IRQHandler
                0x0000000008000c04                PVD_AVD_IRQHandler
                0x0000000008000c04                I2C3_EV_IRQHandler
                0x0000000008000c04                EXTI9_5_IRQHandler
                0x0000000008000c04                RTC_WKUP_IRQHandler
                0x0000000008000c04                LTDC_IRQHandler
                0x0000000008000c04                SAI3_IRQHandler
                0x0000000008000c04                ETH_WKUP_IRQHandler
                0x0000000008000c04                SPDIF_RX_IRQHandler
                0x0000000008000c04                SPI2_IRQHandler
                0x0000000008000c04                OTG_HS_EP1_IN_IRQHandler
                0x0000000008000c04                DMA1_Stream0_IRQHandler
                0x0000000008000c04                CRS_IRQHandler
                0x0000000008000c04                CM7_SEV_IRQHandler
                0x0000000008000c04                EXTI4_IRQHandler
                0x0000000008000c04                RNG_IRQHandler
                0x0000000008000c04                CM4_SEV_IRQHandler
                0x0000000008000c04                HRTIM1_TIMB_IRQHandler
                0x0000000008000c04                FDCAN2_IT1_IRQHandler
                0x0000000008000c04                ETH_IRQHandler
                0x0000000008000c04                TIM1_UP_IRQHandler
                0x0000000008000c04                WWDG_RST_IRQHandler
                0x0000000008000c04                BDMA_Channel4_IRQHandler
                0x0000000008000c04                OTG_HS_EP1_OUT_IRQHandler
                0x0000000008000c04                WWDG_IRQHandler
                0x0000000008000c04                SPI6_IRQHandler
                0x0000000008000c04                MDIOS_IRQHandler
                0x0000000008000c04                I2C4_EV_IRQHandler
                0x0000000008000c04                FDCAN2_IT0_IRQHandler
                0x0000000008000c04                LPUART1_IRQHandler
                0x0000000008000c04                FDCAN1_IT0_IRQHandler
                0x0000000008000c04                TIM2_IRQHandler
                0x0000000008000c04                OTG_FS_WKUP_IRQHandler
                0x0000000008000c04                OTG_HS_IRQHandler
                0x0000000008000c04                HSEM2_IRQHandler
                0x0000000008000c04                DMA2D_IRQHandler
                0x0000000008000c04                TIM1_BRK_IRQHandler
                0x0000000008000c04                EXTI1_IRQHandler
                0x0000000008000c04                SDMMC2_IRQHandler
                0x0000000008000c04                OTG_FS_EP1_OUT_IRQHandler
                0x0000000008000c04                BDMA_Channel3_IRQHandler
                0x0000000008000c04                HOLD_CORE_IRQHandler
                0x0000000008000c04                UART7_IRQHandler
                0x0000000008000c04                MDIOS_WKUP_IRQHandler
                0x0000000008000c04                USART2_IRQHandler
                0x0000000008000c04                DFSDM1_FLT0_IRQHandler
                0x0000000008000c04                SAI4_IRQHandler
                0x0000000008000c04                I2C2_ER_IRQHandler
                0x0000000008000c04                DMA2_Stream1_IRQHandler
                0x0000000008000c04                FLASH_IRQHandler
                0x0000000008000c04                DMA2_Stream4_IRQHandler
                0x0000000008000c04                USART1_IRQHandler
                0x0000000008000c04                OTG_FS_IRQHandler
                0x0000000008000c04                SPI3_IRQHandler
                0x0000000008000c04                WAKEUP_PIN_IRQHandler
                0x0000000008000c04                DMA1_Stream4_IRQHandler
                0x0000000008000c04                OTG_FS_EP1_IN_IRQHandler
                0x0000000008000c04                I2C1_ER_IRQHandler
                0x0000000008000c04                FMC_IRQHandler
                0x0000000008000c04                FDCAN_CAL_IRQHandler
                0x0000000008000c04                SWPMI1_IRQHandler
                0x0000000008000c04                COMP1_IRQHandler
                0x0000000008000c04                LPTIM1_IRQHandler
                0x0000000008000c04                I2C4_ER_IRQHandler
                0x0000000008000c04                DMA2_Stream6_IRQHandler
                0x0000000008000c04                SAI1_IRQHandler
                0x0000000008000c04                DMA1_Stream3_IRQHandler
 *fill*         0x0000000008000c06        0x2 
 .text.HAL_InitTick
                0x0000000008000c08       0x4c ./Drivers/STM32H7xx_HAL_Driver/stm32h7xx_hal.o
                0x0000000008000c08                HAL_InitTick
 .text.HAL_Init
                0x0000000008000c54       0x5c ./Drivers/STM32H7xx_HAL_Driver/stm32h7xx_hal.o
                0x0000000008000c54                HAL_Init
 .text.HAL_IncTick
                0x0000000008000cb0       0x18 ./Drivers/STM32H7xx_HAL_Driver/stm32h7xx_hal.o
                0x0000000008000cb0                HAL_IncTick
 .text.HAL_GetTick
                0x0000000008000cc8        0xc ./Drivers/STM32H7xx_HAL_Driver/stm32h7xx_hal.o
                0x0000000008000cc8                HAL_GetTick
 .text.HAL_Delay
                0x0000000008000cd4       0x24 ./Drivers/STM32H7xx_HAL_Driver/stm32h7xx_hal.o
                0x0000000008000cd4                HAL_Delay
 .text.HAL_GetREVID
                0x0000000008000cf8        0xc ./Drivers/STM32H7xx_HAL_Driver/stm32h7xx_hal.o
                0x0000000008000cf8                HAL_GetREVID
 .text.HAL_NVIC_SetPriorityGrouping
                0x0000000008000d04       0x24 ./Drivers/STM32H7xx_HAL_Driver/stm32h7xx_hal_cortex.o
                0x0000000008000d04                HAL_NVIC_SetPriorityGrouping
 .text.HAL_NVIC_SetPriority
                0x0000000008000d28       0x64 ./Drivers/STM32H7xx_HAL_Driver/stm32h7xx_hal_cortex.o
                0x0000000008000d28                HAL_NVIC_SetPriority
 .text.HAL_SYSTICK_Config
                0x0000000008000d8c       0x28 ./Drivers/STM32H7xx_HAL_Driver/stm32h7xx_hal_cortex.o
                0x0000000008000d8c                HAL_SYSTICK_Config
 .text.HAL_GPIO_Init
                0x0000000008000db4      0x1d8 ./Drivers/STM32H7xx_HAL_Driver/stm32h7xx_hal_gpio.o
                0x0000000008000db4                HAL_GPIO_Init
 .text.HAL_GPIO_DeInit
                0x0000000008000f8c      0x144 ./Drivers/STM32H7xx_HAL_Driver/stm32h7xx_hal_gpio.o
                0x0000000008000f8c                HAL_GPIO_DeInit
 .text.HAL_GPIO_WritePin
                0x00000000080010d0        0xa ./Drivers/STM32H7xx_HAL_Driver/stm32h7xx_hal_gpio.o
                0x00000000080010d0                HAL_GPIO_WritePin
 .text.HAL_GPIO_TogglePin
                0x00000000080010da       0x12 ./Drivers/STM32H7xx_HAL_Driver/stm32h7xx_hal_gpio.o
                0x00000000080010da                HAL_GPIO_TogglePin
 .text.HAL_HSEM_FastTake
                0x00000000080010ec       0x1c ./Drivers/STM32H7xx_HAL_Driver/stm32h7xx_hal_hsem.o
                0x00000000080010ec                HAL_HSEM_FastTake
 .text.HAL_HSEM_Release
                0x0000000008001108       0x10 ./Drivers/STM32H7xx_HAL_Driver/stm32h7xx_hal_hsem.o
                0x0000000008001108                HAL_HSEM_Release
 .text.I2C_Flush_TXDR
                0x0000000008001118       0x1c ./Drivers/STM32H7xx_HAL_Driver/stm32h7xx_hal_i2c.o
 .text.I2C_TransferConfig
                0x0000000008001134       0x2c ./Drivers/STM32H7xx_HAL_Driver/stm32h7xx_hal_i2c.o
 .text.I2C_IsErrorOccurred
                0x0000000008001160      0x116 ./Drivers/STM32H7xx_HAL_Driver/stm32h7xx_hal_i2c.o
 .text.I2C_WaitOnTXISFlagUntilTimeout
                0x0000000008001276       0x4e ./Drivers/STM32H7xx_HAL_Driver/stm32h7xx_hal_i2c.o
 .text.I2C_WaitOnRXNEFlagUntilTimeout
                0x00000000080012c4       0x8c ./Drivers/STM32H7xx_HAL_Driver/stm32h7xx_hal_i2c.o
 .text.I2C_WaitOnFlagUntilTimeout
                0x0000000008001350       0x54 ./Drivers/STM32H7xx_HAL_Driver/stm32h7xx_hal_i2c.o
 .text.I2C_WaitOnSTOPFlagUntilTimeout
                0x00000000080013a4       0x4a ./Drivers/STM32H7xx_HAL_Driver/stm32h7xx_hal_i2c.o
 .text.HAL_I2C_Init
                0x00000000080013ee       0xa2 ./Drivers/STM32H7xx_HAL_Driver/stm32h7xx_hal_i2c.o
                0x00000000080013ee                HAL_I2C_Init
 .text.HAL_I2C_DeInit
                0x0000000008001490       0x32 ./Drivers/STM32H7xx_HAL_Driver/stm32h7xx_hal_i2c.o
                0x0000000008001490                HAL_I2C_DeInit
 *fill*         0x00000000080014c2        0x2 
 .text.HAL_I2C_Master_Transmit
                0x00000000080014c4      0x12c ./Drivers/STM32H7xx_HAL_Driver/stm32h7xx_hal_i2c.o
                0x00000000080014c4                HAL_I2C_Master_Transmit
 .text.HAL_I2C_Master_Receive
                0x00000000080015f0      0x130 ./Drivers/STM32H7xx_HAL_Driver/stm32h7xx_hal_i2c.o
                0x00000000080015f0                HAL_I2C_Master_Receive
 .text.HAL_I2CEx_ConfigAnalogFilter
                0x0000000008001720       0x4c ./Drivers/STM32H7xx_HAL_Driver/stm32h7xx_hal_i2c_ex.o
                0x0000000008001720                HAL_I2CEx_ConfigAnalogFilter
 .text.HAL_I2CEx_ConfigDigitalFilter
                0x000000000800176c       0x4a ./Drivers/STM32H7xx_HAL_Driver/stm32h7xx_hal_i2c_ex.o
                0x000000000800176c                HAL_I2CEx_ConfigDigitalFilter
 *fill*         0x00000000080017b6        0x2 
 .text.HAL_PWREx_ConfigSupply
                0x00000000080017b8       0x78 ./Drivers/STM32H7xx_HAL_Driver/stm32h7xx_hal_pwr_ex.o
                0x00000000080017b8                HAL_PWREx_ConfigSupply
 .text.HAL_RCC_OscConfig
                0x0000000008001830      0x524 ./Drivers/STM32H7xx_HAL_Driver/stm32h7xx_hal_rcc.o
                0x0000000008001830                HAL_RCC_OscConfig
 .text.HAL_RCC_GetSysClockFreq
                0x0000000008001d54      0x140 ./Drivers/STM32H7xx_HAL_Driver/stm32h7xx_hal_rcc.o
                0x0000000008001d54                HAL_RCC_GetSysClockFreq
 .text.HAL_RCC_ClockConfig
                0x0000000008001e94      0x24c ./Drivers/STM32H7xx_HAL_Driver/stm32h7xx_hal_rcc.o
                0x0000000008001e94                HAL_RCC_ClockConfig
 .text.HAL_RCC_GetHCLKFreq
                0x00000000080020e0       0x44 ./Drivers/STM32H7xx_HAL_Driver/stm32h7xx_hal_rcc.o
                0x00000000080020e0                HAL_RCC_GetHCLKFreq
 .text.HAL_RCC_GetPCLK1Freq
                0x0000000008002124       0x24 ./Drivers/STM32H7xx_HAL_Driver/stm32h7xx_hal_rcc.o
                0x0000000008002124                HAL_RCC_GetPCLK1Freq
 .text.HAL_RCC_GetPCLK2Freq
                0x0000000008002148       0x24 ./Drivers/STM32H7xx_HAL_Driver/stm32h7xx_hal_rcc.o
                0x0000000008002148                HAL_RCC_GetPCLK2Freq
 .text.RCCEx_PLL2_Config
                0x000000000800216c       0xf0 ./Drivers/STM32H7xx_HAL_Driver/stm32h7xx_hal_rcc_ex.o
 .text.RCCEx_PLL3_Config
                0x000000000800225c       0xf0 ./Drivers/STM32H7xx_HAL_Driver/stm32h7xx_hal_rcc_ex.o
 .text.HAL_RCCEx_PeriphCLKConfig
                0x000000000800234c      0x96c ./Drivers/STM32H7xx_HAL_Driver/stm32h7xx_hal_rcc_ex.o
                0x000000000800234c                HAL_RCCEx_PeriphCLKConfig
 .text.HAL_RCCEx_GetD3PCLK1Freq
                0x0000000008002cb8       0x24 ./Drivers/STM32H7xx_HAL_Driver/stm32h7xx_hal_rcc_ex.o
                0x0000000008002cb8                HAL_RCCEx_GetD3PCLK1Freq
 .text.HAL_RCCEx_GetPLL2ClockFreq
                0x0000000008002cdc      0x150 ./Drivers/STM32H7xx_HAL_Driver/stm32h7xx_hal_rcc_ex.o
                0x0000000008002cdc                HAL_RCCEx_GetPLL2ClockFreq
 .text.HAL_RCCEx_GetPLL3ClockFreq
                0x0000000008002e2c      0x150 ./Drivers/STM32H7xx_HAL_Driver/stm32h7xx_hal_rcc_ex.o
                0x0000000008002e2c                HAL_RCCEx_GetPLL3ClockFreq
 .text.UART_SetConfig
                0x0000000008002f7c      0x38c ./Drivers/STM32H7xx_HAL_Driver/stm32h7xx_hal_uart.o
                0x0000000008002f7c                UART_SetConfig
 .text.UART_AdvFeatureConfig
                0x0000000008003308       0xaa ./Drivers/STM32H7xx_HAL_Driver/stm32h7xx_hal_uart.o
                0x0000000008003308                UART_AdvFeatureConfig
 .text.UART_WaitOnFlagUntilTimeout
                0x00000000080033b2       0xc4 ./Drivers/STM32H7xx_HAL_Driver/stm32h7xx_hal_uart.o
                0x00000000080033b2                UART_WaitOnFlagUntilTimeout
 .text.HAL_UART_Transmit
                0x0000000008003476       0xba ./Drivers/STM32H7xx_HAL_Driver/stm32h7xx_hal_uart.o
                0x0000000008003476                HAL_UART_Transmit
 .text.UART_CheckIdleState
                0x0000000008003530       0x6a ./Drivers/STM32H7xx_HAL_Driver/stm32h7xx_hal_uart.o
                0x0000000008003530                UART_CheckIdleState
 .text.HAL_UART_Init
                0x000000000800359a       0x60 ./Drivers/STM32H7xx_HAL_Driver/stm32h7xx_hal_uart.o
                0x000000000800359a                HAL_UART_Init
 *fill*         0x00000000080035fa        0x2 
 .text.UARTEx_SetNbDataToProcess
                0x00000000080035fc       0x44 ./Drivers/STM32H7xx_HAL_Driver/stm32h7xx_hal_uart_ex.o
 .text.HAL_UARTEx_DisableFifoMode
                0x0000000008003640       0x36 ./Drivers/STM32H7xx_HAL_Driver/stm32h7xx_hal_uart_ex.o
                0x0000000008003640                HAL_UARTEx_DisableFifoMode
 .text.HAL_UARTEx_SetTxFifoThreshold
                0x0000000008003676       0x48 ./Drivers/STM32H7xx_HAL_Driver/stm32h7xx_hal_uart_ex.o
                0x0000000008003676                HAL_UARTEx_SetTxFifoThreshold
 .text.HAL_UARTEx_SetRxFifoThreshold
                0x00000000080036be       0x48 ./Drivers/STM32H7xx_HAL_Driver/stm32h7xx_hal_uart_ex.o
                0x00000000080036be                HAL_UARTEx_SetRxFifoThreshold
 *fill*         0x0000000008003706        0x2 
 .text.__libc_init_array
                0x0000000008003708       0x48 c:/st/stm32cubeide_1.10.1/stm32cubeide/plugins/com.st.stm32cube.ide.mcu.externaltools.gnu-tools-for-stm32.10.3-2021.10.win32_1.0.0.202111181127/tools/bin/../lib/gcc/arm-none-eabi/10.3.1/../../../../arm-none-eabi/lib/thumb/v7e-m+dp/hard\libc_nano.a(lib_a-init.o)
                0x0000000008003708                __libc_init_array
 .text.memset   0x0000000008003750       0x10 c:/st/stm32cubeide_1.10.1/stm32cubeide/plugins/com.st.stm32cube.ide.mcu.externaltools.gnu-tools-for-stm32.10.3-2021.10.win32_1.0.0.202111181127/tools/bin/../lib/gcc/arm-none-eabi/10.3.1/../../../../arm-none-eabi/lib/thumb/v7e-m+dp/hard\libc_nano.a(lib_a-memset.o)
                0x0000000008003750                memset
 *(.glue_7)
 .glue_7        0x0000000008003760        0x0 linker stubs
 *(.glue_7t)
 .glue_7t       0x0000000008003760        0x0 linker stubs
 *(.eh_frame)
 .eh_frame      0x0000000008003760        0x0 c:/st/stm32cubeide_1.10.1/stm32cubeide/plugins/com.st.stm32cube.ide.mcu.externaltools.gnu-tools-for-stm32.10.3-2021.10.win32_1.0.0.202111181127/tools/bin/../lib/gcc/arm-none-eabi/10.3.1/thumb/v7e-m+dp/hard/crtbegin.o
 *(.init)
 .init          0x0000000008003760        0x4 c:/st/stm32cubeide_1.10.1/stm32cubeide/plugins/com.st.stm32cube.ide.mcu.externaltools.gnu-tools-for-stm32.10.3-2021.10.win32_1.0.0.202111181127/tools/bin/../lib/gcc/arm-none-eabi/10.3.1/thumb/v7e-m+dp/hard/crti.o
                0x0000000008003760                _init
 .init          0x0000000008003764        0x8 c:/st/stm32cubeide_1.10.1/stm32cubeide/plugins/com.st.stm32cube.ide.mcu.externaltools.gnu-tools-for-stm32.10.3-2021.10.win32_1.0.0.202111181127/tools/bin/../lib/gcc/arm-none-eabi/10.3.1/thumb/v7e-m+dp/hard/crtn.o
 *(.fini)
 .fini          0x000000000800376c        0x4 c:/st/stm32cubeide_1.10.1/stm32cubeide/plugins/com.st.stm32cube.ide.mcu.externaltools.gnu-tools-for-stm32.10.3-2021.10.win32_1.0.0.202111181127/tools/bin/../lib/gcc/arm-none-eabi/10.3.1/thumb/v7e-m+dp/hard/crti.o
                0x000000000800376c                _fini
 .fini          0x0000000008003770        0x8 c:/st/stm32cubeide_1.10.1/stm32cubeide/plugins/com.st.stm32cube.ide.mcu.externaltools.gnu-tools-for-stm32.10.3-2021.10.win32_1.0.0.202111181127/tools/bin/../lib/gcc/arm-none-eabi/10.3.1/thumb/v7e-m+dp/hard/crtn.o
                0x0000000008003778                . = ALIGN (0x4)
                0x0000000008003778                _etext = .

.vfp11_veneer   0x0000000008003778        0x0
 .vfp11_veneer  0x0000000008003778        0x0 linker stubs

.v4_bx          0x0000000008003778        0x0
 .v4_bx         0x0000000008003778        0x0 linker stubs

.iplt           0x0000000008003778        0x0
 .iplt          0x0000000008003778        0x0 c:/st/stm32cubeide_1.10.1/stm32cubeide/plugins/com.st.stm32cube.ide.mcu.externaltools.gnu-tools-for-stm32.10.3-2021.10.win32_1.0.0.202111181127/tools/bin/../lib/gcc/arm-none-eabi/10.3.1/thumb/v7e-m+dp/hard/crtbegin.o

.rodata         0x0000000008003778       0x98
                0x0000000008003778                . = ALIGN (0x4)
 *(.rodata)
 .rodata        0x0000000008003778        0xa ./Core/Src/main.o
 *(.rodata*)
 .rodata.D1CorePrescTable
                0x0000000008003782       0x10 ./Common/Src/system_stm32h7xx_dualcore_boot_cm4_cm7.o
                0x0000000008003782                D1CorePrescTable
 *fill*         0x0000000008003792        0x2 
 .rodata._ZTV10Mcp4716Dac
                0x0000000008003794       0x1c ./Core/Src/IDriver.o
                0x0000000008003794                vtable for Mcp4716Dac
 .rodata.CSWTCH.61
                0x00000000080037b0       0x29 ./Drivers/STM32H7xx_HAL_Driver/stm32h7xx_hal_uart.o
 .rodata.CSWTCH.62
                0x00000000080037d9        0x6 ./Drivers/STM32H7xx_HAL_Driver/stm32h7xx_hal_uart.o
 .rodata.CSWTCH.69
                0x00000000080037df        0x6 ./Drivers/STM32H7xx_HAL_Driver/stm32h7xx_hal_uart.o
 *fill*         0x00000000080037e5        0x1 
 .rodata.UARTPrescTable
                0x00000000080037e6       0x18 ./Drivers/STM32H7xx_HAL_Driver/stm32h7xx_hal_uart.o
                0x00000000080037e6                UARTPrescTable
 .rodata.denominator.0
                0x00000000080037fe        0x8 ./Drivers/STM32H7xx_HAL_Driver/stm32h7xx_hal_uart_ex.o
 .rodata.numerator.1
                0x0000000008003806        0x8 ./Drivers/STM32H7xx_HAL_Driver/stm32h7xx_hal_uart_ex.o
                0x0000000008003810                . = ALIGN (0x4)
 *fill*         0x000000000800380e        0x2 

.ARM.extab      0x0000000008003810        0x0
                0x0000000008003810                . = ALIGN (0x4)
 *(.ARM.extab* .gnu.linkonce.armextab.*)
                0x0000000008003810                . = ALIGN (0x4)

.ARM            0x0000000008003810        0x8
                0x0000000008003810                . = ALIGN (0x4)
                0x0000000008003810                __exidx_start = .
 *(.ARM.exidx*)
 .ARM.exidx     0x0000000008003810        0x8 c:/st/stm32cubeide_1.10.1/stm32cubeide/plugins/com.st.stm32cube.ide.mcu.externaltools.gnu-tools-for-stm32.10.3-2021.10.win32_1.0.0.202111181127/tools/bin/../lib/gcc/arm-none-eabi/10.3.1/thumb/v7e-m+dp/hard\libgcc.a(_udivmoddi4.o)
                0x0000000008003818                __exidx_end = .
                0x0000000008003818                . = ALIGN (0x4)

.rel.dyn        0x0000000008003818        0x0
 .rel.iplt      0x0000000008003818        0x0 c:/st/stm32cubeide_1.10.1/stm32cubeide/plugins/com.st.stm32cube.ide.mcu.externaltools.gnu-tools-for-stm32.10.3-2021.10.win32_1.0.0.202111181127/tools/bin/../lib/gcc/arm-none-eabi/10.3.1/thumb/v7e-m+dp/hard/crtbegin.o

.preinit_array  0x0000000008003818        0x0
                0x0000000008003818                . = ALIGN (0x4)
                0x0000000008003818                PROVIDE (__preinit_array_start = .)
 *(.preinit_array*)
                0x0000000008003818                PROVIDE (__preinit_array_end = .)
                0x0000000008003818                . = ALIGN (0x4)

.init_array     0x0000000008003818        0x4
                0x0000000008003818                . = ALIGN (0x4)
                0x0000000008003818                PROVIDE (__init_array_start = .)
 *(SORT_BY_NAME(.init_array.*))
 *(.init_array*)
 .init_array    0x0000000008003818        0x4 c:/st/stm32cubeide_1.10.1/stm32cubeide/plugins/com.st.stm32cube.ide.mcu.externaltools.gnu-tools-for-stm32.10.3-2021.10.win32_1.0.0.202111181127/tools/bin/../lib/gcc/arm-none-eabi/10.3.1/thumb/v7e-m+dp/hard/crtbegin.o
                0x000000000800381c                PROVIDE (__init_array_end = .)
                0x000000000800381c                . = ALIGN (0x4)

.fini_array     0x000000000800381c        0x4
                0x000000000800381c                . = ALIGN (0x4)
                [!provide]                        PROVIDE (__fini_array_start = .)
 *(SORT_BY_NAME(.fini_array.*))
 *(.fini_array*)
 .fini_array    0x000000000800381c        0x4 c:/st/stm32cubeide_1.10.1/stm32cubeide/plugins/com.st.stm32cube.ide.mcu.externaltools.gnu-tools-for-stm32.10.3-2021.10.win32_1.0.0.202111181127/tools/bin/../lib/gcc/arm-none-eabi/10.3.1/thumb/v7e-m+dp/hard/crtbegin.o
                [!provide]                        PROVIDE (__fini_array_end = .)
                0x0000000008003820                . = ALIGN (0x4)
                0x0000000008003820                _sidata = LOADADDR (.data)

.data           0x0000000024000000       0x10 load address 0x0000000008003820
                0x0000000024000000                . = ALIGN (0x4)
                0x0000000024000000                _sdata = .
 *(.data)
 *(.data*)
 .data.SystemCoreClock
                0x0000000024000000        0x4 ./Common/Src/system_stm32h7xx_dualcore_boot_cm4_cm7.o
                0x0000000024000000                SystemCoreClock
 .data.SystemD2Clock
                0x0000000024000004        0x4 ./Common/Src/system_stm32h7xx_dualcore_boot_cm4_cm7.o
                0x0000000024000004                SystemD2Clock
 .data.uwTickFreq
                0x0000000024000008        0x1 ./Drivers/STM32H7xx_HAL_Driver/stm32h7xx_hal.o
                0x0000000024000008                uwTickFreq
 *fill*         0x0000000024000009        0x3 
 .data.uwTickPrio
                0x000000002400000c        0x4 ./Drivers/STM32H7xx_HAL_Driver/stm32h7xx_hal.o
                0x000000002400000c                uwTickPrio
 *(.RamFunc)
 *(.RamFunc*)
                0x0000000024000010                . = ALIGN (0x4)
                0x0000000024000010                _edata = .

.igot.plt       0x0000000024000010        0x0 load address 0x0000000008003830
 .igot.plt      0x0000000024000010        0x0 c:/st/stm32cubeide_1.10.1/stm32cubeide/plugins/com.st.stm32cube.ide.mcu.externaltools.gnu-tools-for-stm32.10.3-2021.10.win32_1.0.0.202111181127/tools/bin/../lib/gcc/arm-none-eabi/10.3.1/thumb/v7e-m+dp/hard/crtbegin.o
                0x0000000024000010                . = ALIGN (0x4)

.bss            0x0000000024000010       0xfc load address 0x0000000008003830
                0x0000000024000010                _sbss = .
                0x0000000024000010                __bss_start__ = _sbss
 *(.bss)
 .bss           0x0000000024000010       0x1c c:/st/stm32cubeide_1.10.1/stm32cubeide/plugins/com.st.stm32cube.ide.mcu.externaltools.gnu-tools-for-stm32.10.3-2021.10.win32_1.0.0.202111181127/tools/bin/../lib/gcc/arm-none-eabi/10.3.1/thumb/v7e-m+dp/hard/crtbegin.o
 *(.bss*)
 .bss.hi2c1     0x000000002400002c       0x4c ./Core/Src/main.o
                0x000000002400002c                hi2c1
 .bss.huart3    0x0000000024000078       0x90 ./Core/Src/main.o
                0x0000000024000078                huart3
 .bss.uwTick    0x0000000024000108        0x4 ./Drivers/STM32H7xx_HAL_Driver/stm32h7xx_hal.o
                0x0000000024000108                uwTick
 *(COMMON)
                0x000000002400010c                . = ALIGN (0x4)
                0x000000002400010c                _ebss = .
                0x000000002400010c                __bss_end__ = _ebss

._user_heap_stack
                0x000000002400010c      0x604 load address 0x0000000008003830
                0x0000000024000110                . = ALIGN (0x8)
 *fill*         0x000000002400010c        0x4 
                [!provide]                        PROVIDE (end = .)
                0x0000000024000110                PROVIDE (_end = .)
                0x0000000024000310                . = (. + _Min_Heap_Size)
 *fill*         0x0000000024000110      0x200 
                0x0000000024000710                . = (. + _Min_Stack_Size)
 *fill*         0x0000000024000310      0x400 
                0x0000000024000710                . = ALIGN (0x8)

/DISCARD/
 libc.a(*)
 libm.a(*)
 libgcc.a(*)

.ARM.attributes
                0x0000000000000000       0x2e
 *(.ARM.attributes)
 .ARM.attributes
                0x0000000000000000       0x1e c:/st/stm32cubeide_1.10.1/stm32cubeide/plugins/com.st.stm32cube.ide.mcu.externaltools.gnu-tools-for-stm32.10.3-2021.10.win32_1.0.0.202111181127/tools/bin/../lib/gcc/arm-none-eabi/10.3.1/thumb/v7e-m+dp/hard/crti.o
 .ARM.attributes
                0x000000000000001e       0x32 c:/st/stm32cubeide_1.10.1/stm32cubeide/plugins/com.st.stm32cube.ide.mcu.externaltools.gnu-tools-for-stm32.10.3-2021.10.win32_1.0.0.202111181127/tools/bin/../lib/gcc/arm-none-eabi/10.3.1/thumb/v7e-m+dp/hard/crtbegin.o
 .ARM.attributes
                0x0000000000000050       0x32 ./Common/Src/system_stm32h7xx_dualcore_boot_cm4_cm7.o
 .ARM.attributes
                0x0000000000000082       0x32 ./Core/Src/IDriver.o
 .ARM.attributes
                0x00000000000000b4       0x32 ./Core/Src/main.o
 .ARM.attributes
                0x00000000000000e6       0x32 ./Core/Src/stm32h7xx_hal_msp.o
 .ARM.attributes
                0x0000000000000118       0x32 ./Core/Src/stm32h7xx_it.o
 .ARM.attributes
                0x000000000000014a       0x21 ./Core/Startup/startup_stm32h745zitx.o
 .ARM.attributes
                0x000000000000016b       0x32 ./Drivers/STM32H7xx_HAL_Driver/stm32h7xx_hal.o
 .ARM.attributes
                0x000000000000019d       0x32 ./Drivers/STM32H7xx_HAL_Driver/stm32h7xx_hal_cortex.o
 .ARM.attributes
                0x00000000000001cf       0x32 ./Drivers/STM32H7xx_HAL_Driver/stm32h7xx_hal_gpio.o
 .ARM.attributes
                0x0000000000000201       0x32 ./Drivers/STM32H7xx_HAL_Driver/stm32h7xx_hal_hsem.o
 .ARM.attributes
                0x0000000000000233       0x32 ./Drivers/STM32H7xx_HAL_Driver/stm32h7xx_hal_i2c.o
 .ARM.attributes
                0x0000000000000265       0x32 ./Drivers/STM32H7xx_HAL_Driver/stm32h7xx_hal_i2c_ex.o
 .ARM.attributes
                0x0000000000000297       0x32 ./Drivers/STM32H7xx_HAL_Driver/stm32h7xx_hal_pwr_ex.o
 .ARM.attributes
                0x00000000000002c9       0x32 ./Drivers/STM32H7xx_HAL_Driver/stm32h7xx_hal_rcc.o
 .ARM.attributes
                0x00000000000002fb       0x32 ./Drivers/STM32H7xx_HAL_Driver/stm32h7xx_hal_rcc_ex.o
 .ARM.attributes
                0x000000000000032d       0x32 ./Drivers/STM32H7xx_HAL_Driver/stm32h7xx_hal_uart.o
 .ARM.attributes
                0x000000000000035f       0x32 ./Drivers/STM32H7xx_HAL_Driver/stm32h7xx_hal_uart_ex.o
 .ARM.attributes
                0x0000000000000391       0x32 c:/st/stm32cubeide_1.10.1/stm32cubeide/plugins/com.st.stm32cube.ide.mcu.externaltools.gnu-tools-for-stm32.10.3-2021.10.win32_1.0.0.202111181127/tools/bin/../lib/gcc/arm-none-eabi/10.3.1/../../../../arm-none-eabi/lib/thumb/v7e-m+dp/hard\libc_nano.a(lib_a-init.o)
 .ARM.attributes
                0x00000000000003c3       0x32 c:/st/stm32cubeide_1.10.1/stm32cubeide/plugins/com.st.stm32cube.ide.mcu.externaltools.gnu-tools-for-stm32.10.3-2021.10.win32_1.0.0.202111181127/tools/bin/../lib/gcc/arm-none-eabi/10.3.1/../../../../arm-none-eabi/lib/thumb/v7e-m+dp/hard\libc_nano.a(lib_a-memset.o)
 .ARM.attributes
                0x00000000000003f5       0x1e c:/st/stm32cubeide_1.10.1/stm32cubeide/plugins/com.st.stm32cube.ide.mcu.externaltools.gnu-tools-for-stm32.10.3-2021.10.win32_1.0.0.202111181127/tools/bin/../lib/gcc/arm-none-eabi/10.3.1/thumb/v7e-m+dp/hard\libgcc.a(_aeabi_uldivmod.o)
 .ARM.attributes
                0x0000000000000413       0x32 c:/st/stm32cubeide_1.10.1/stm32cubeide/plugins/com.st.stm32cube.ide.mcu.externaltools.gnu-tools-for-stm32.10.3-2021.10.win32_1.0.0.202111181127/tools/bin/../lib/gcc/arm-none-eabi/10.3.1/thumb/v7e-m+dp/hard\libgcc.a(_udivmoddi4.o)
 .ARM.attributes
                0x0000000000000445       0x1e c:/st/stm32cubeide_1.10.1/stm32cubeide/plugins/com.st.stm32cube.ide.mcu.externaltools.gnu-tools-for-stm32.10.3-2021.10.win32_1.0.0.202111181127/tools/bin/../lib/gcc/arm-none-eabi/10.3.1/thumb/v7e-m+dp/hard\libgcc.a(_dvmd_tls.o)
 .ARM.attributes
                0x0000000000000463       0x1e c:/st/stm32cubeide_1.10.1/stm32cubeide/plugins/com.st.stm32cube.ide.mcu.externaltools.gnu-tools-for-stm32.10.3-2021.10.win32_1.0.0.202111181127/tools/bin/../lib/gcc/arm-none-eabi/10.3.1/thumb/v7e-m+dp/hard/crtn.o
OUTPUT(DAC_DRIVER_CM7.elf elf32-littlearm)
LOAD linker stubs
LOAD c:/st/stm32cubeide_1.10.1/stm32cubeide/plugins/com.st.stm32cube.ide.mcu.externaltools.gnu-tools-for-stm32.10.3-2021.10.win32_1.0.0.202111181127/tools/bin/../lib/gcc/arm-none-eabi/10.3.1/../../../../arm-none-eabi/lib/thumb/v7e-m+dp/hard\libc.a
LOAD c:/st/stm32cubeide_1.10.1/stm32cubeide/plugins/com.st.stm32cube.ide.mcu.externaltools.gnu-tools-for-stm32.10.3-2021.10.win32_1.0.0.202111181127/tools/bin/../lib/gcc/arm-none-eabi/10.3.1/../../../../arm-none-eabi/lib/thumb/v7e-m+dp/hard\libm.a
LOAD c:/st/stm32cubeide_1.10.1/stm32cubeide/plugins/com.st.stm32cube.ide.mcu.externaltools.gnu-tools-for-stm32.10.3-2021.10.win32_1.0.0.202111181127/tools/bin/../lib/gcc/arm-none-eabi/10.3.1/thumb/v7e-m+dp/hard\libgcc.a

.comment        0x0000000000000000       0x50
 .comment       0x0000000000000000       0x50 ./Common/Src/system_stm32h7xx_dualcore_boot_cm4_cm7.o
                                         0x51 (size before relaxing)
 .comment       0x0000000000000050       0x51 ./Core/Src/IDriver.o
 .comment       0x0000000000000050       0x51 ./Core/Src/main.o
 .comment       0x0000000000000050       0x51 ./Core/Src/stm32h7xx_hal_msp.o
 .comment       0x0000000000000050       0x51 ./Core/Src/stm32h7xx_it.o
 .comment       0x0000000000000050       0x51 ./Drivers/STM32H7xx_HAL_Driver/stm32h7xx_hal.o
 .comment       0x0000000000000050       0x51 ./Drivers/STM32H7xx_HAL_Driver/stm32h7xx_hal_cortex.o
 .comment       0x0000000000000050       0x51 ./Drivers/STM32H7xx_HAL_Driver/stm32h7xx_hal_gpio.o
 .comment       0x0000000000000050       0x51 ./Drivers/STM32H7xx_HAL_Driver/stm32h7xx_hal_hsem.o
 .comment       0x0000000000000050       0x51 ./Drivers/STM32H7xx_HAL_Driver/stm32h7xx_hal_i2c.o
 .comment       0x0000000000000050       0x51 ./Drivers/STM32H7xx_HAL_Driver/stm32h7xx_hal_i2c_ex.o
 .comment       0x0000000000000050       0x51 ./Drivers/STM32H7xx_HAL_Driver/stm32h7xx_hal_pwr_ex.o
 .comment       0x0000000000000050       0x51 ./Drivers/STM32H7xx_HAL_Driver/stm32h7xx_hal_rcc.o
 .comment       0x0000000000000050       0x51 ./Drivers/STM32H7xx_HAL_Driver/stm32h7xx_hal_rcc_ex.o
 .comment       0x0000000000000050       0x51 ./Drivers/STM32H7xx_HAL_Driver/stm32h7xx_hal_uart.o
 .comment       0x0000000000000050       0x51 ./Drivers/STM32H7xx_HAL_Driver/stm32h7xx_hal_uart_ex.o

.debug_frame    0x0000000000000000       0xac
 .debug_frame   0x0000000000000000       0x2c c:/st/stm32cubeide_1.10.1/stm32cubeide/plugins/com.st.stm32cube.ide.mcu.externaltools.gnu-tools-for-stm32.10.3-2021.10.win32_1.0.0.202111181127/tools/bin/../lib/gcc/arm-none-eabi/10.3.1/../../../../arm-none-eabi/lib/thumb/v7e-m+dp/hard\libc_nano.a(lib_a-init.o)
 .debug_frame   0x000000000000002c       0x20 c:/st/stm32cubeide_1.10.1/stm32cubeide/plugins/com.st.stm32cube.ide.mcu.externaltools.gnu-tools-for-stm32.10.3-2021.10.win32_1.0.0.202111181127/tools/bin/../lib/gcc/arm-none-eabi/10.3.1/../../../../arm-none-eabi/lib/thumb/v7e-m+dp/hard\libc_nano.a(lib_a-memset.o)
 .debug_frame   0x000000000000004c       0x2c c:/st/stm32cubeide_1.10.1/stm32cubeide/plugins/com.st.stm32cube.ide.mcu.externaltools.gnu-tools-for-stm32.10.3-2021.10.win32_1.0.0.202111181127/tools/bin/../lib/gcc/arm-none-eabi/10.3.1/thumb/v7e-m+dp/hard\libgcc.a(_aeabi_uldivmod.o)
 .debug_frame   0x0000000000000078       0x34 c:/st/stm32cubeide_1.10.1/stm32cubeide/plugins/com.st.stm32cube.ide.mcu.externaltools.gnu-tools-for-stm32.10.3-2021.10.win32_1.0.0.202111181127/tools/bin/../lib/gcc/arm-none-eabi/10.3.1/thumb/v7e-m+dp/hard\libgcc.a(_udivmoddi4.o)
